 ==================>     TALLY 1: FUEL FLUX SPECTRUM     <==================

 Cell 10
   Incoming Energy [9.999999999999999e-06, 1.1521397221209948e-05)
     Total Material
       Flux                                 0 +/- 0
   Incoming Energy [1.1521397221209948e-05, 1.3274259392890431e-05)
     Total Material
       Flux                                 0 +/- 0
   Incoming Energy [1.3274259392890431e-05, 1.5293801528286787e-05)
     Total Material
       Flux                                 0 +/- 0
   Incoming Energy [1.5293801528286787e-05, 1.7620596242973984e-05)
     Total Material
       Flux                                 0 +/- 0
   Incoming Energy [1.7620596242973984e-05, 2.030138885898629e-05)
     Total Material
       Flux                                 0 +/- 0
   Incoming Energy [2.030138885898629e-05, 2.3390036518662722e-05)
     Total Material
       Flux                                 0 +/- 0
   Incoming Energy [2.3390036518662722e-05, 2.694859017501199e-05)
     Total Material
       Flux                                 0 +/- 0
   Incoming Energy [2.694859017501199e-05, 3.1048541195790885e-05)
     Total Material
       Flux                                 0 +/- 0
   Incoming Energy [3.1048541195790885e-05, 3.577225762558077e-05)
     Total Material
       Flux                                 0 +/- 0
   Incoming Energy [3.577225762558077e-05, 4.121463896037726e-05)
     Total Material
       Flux                                 0 +/- 0
   Incoming Energy [4.121463896037726e-05, 4.7485022679126186e-05)
     Total Material
       Flux                                 0 +/- 0
   Incoming Energy [4.7485022679126186e-05, 5.4709380834437574e-05)
     Total Material
       Flux                                 0 +/- 0
   Incoming Energy [5.4709380834437574e-05, 6.303285083200059e-05)
     Total Material
       Flux                                 0 +/- 0
   Incoming Energy [6.303285083200059e-05, 7.262265124207526e-05)
     Total Material
       Flux                                 0 +/- 0
   Incoming Energy [7.262265124207526e-05, 8.367144122173452e-05)
     Total Material
       Flux                                 0 +/- 0
   Incoming Energy [8.367144122173452e-05, 9.640119103867236e-05)
     Total Material
       Flux                                 0 +/- 0
   Incoming Energy [9.640119103867236e-05, 0.0001110676414554289)
     Total Material
       Flux                                 0 +/- 0
   Incoming Energy [0.0001110676414554289, 0.00012796544156309215)
     Total Material
       Flux                                 0 +/- 0
   Incoming Energy [0.00012796544156309215, 0.00014743406828359137)
     Total Material
       Flux                                 0 +/- 0
   Incoming Energy [0.00014743406828359137, 0.00016986464646342474)
     Total Material
       Flux                                 0 +/- 0
   Incoming Energy [0.00016986464646342474, 0.0001957078065745512)
     Total Material
       Flux                                 0 +/- 0
   Incoming Energy [0.0001957078065745512, 0.0002254827378837128)
     Total Material
       Flux                                 0 +/- 0
   Incoming Energy [0.0002254827378837128, 0.00025978761896842197)
     Total Material
       Flux                                 0 +/- 0
   Incoming Energy [0.00025978761896842197, 0.00029931163512875256)
     Total Material
       Flux                                 0 +/- 0
   Incoming Energy [0.00029931163512875256, 0.00034484882412482153)
     Total Material
       Flux                                 0 +/- 0
   Incoming Energy [0.00034484882412482153, 0.0003973140284009237)
     Total Material
       Flux                                 0 +/- 0
   Incoming Energy [0.0003973140284009237, 0.00045776127427661325)
     Total Material
       Flux                                 0 +/- 0
   Incoming Energy [0.00045776127427661325, 0.0005274049473428096)
     Total Material
       Flux                                 0 +/- 0
   Incoming Energy [0.0005274049473428096, 0.0006076441894767826)
     Total Material
       Flux                                 0 +/- 0
   Incoming Energy [0.0006076441894767826, 0.0007000910076122174)
     Total Material
       Flux                                 0 +/- 0
   Incoming Energy [0.0007000910076122174, 0.0008066026589697475)
     Total Material
       Flux                                 0 +/- 0
   Incoming Energy [0.0008066026589697475, 0.0009293189633674604)
     Total Material
       Flux                                 0 +/- 0
   Incoming Energy [0.0009293189633674604, 0.0010707052922159566)
     Total Material
       Flux                                 0 +/- 0
   Incoming Energy [0.0010707052922159566, 0.0012336020978471708)
     Total Material
       Flux                                 0 +/- 0
   Incoming Energy [0.0012336020978471708, 0.0014212819782215157)
     Total Material
       Flux                                 0 +/- 0
   Incoming Energy [0.0014212819782215157, 0.0016375154234437147)
     Total Material
       Flux                                 0 +/- 0
   Incoming Energy [0.0016375154234437147, 0.0018866465649352846)
     Total Material
       Flux                                 0 +/- 0
   Incoming Energy [0.0018866465649352846, 0.0021736804490650684)
     Total Material
       Flux                                 0 +/- 0
   Incoming Energy [0.0021736804490650684, 0.002504383588565667)
     Total Material
       Flux                                 0 +/- 0
   Incoming Energy [0.002504383588565667, 0.002885399811814427)
     Total Material
       Flux                                 0 +/- 0
   Incoming Energy [0.002885399811814427, 0.003324383737391845)
     Total Material
       Flux                                 0 +/- 0
   Incoming Energy [0.003324383737391845, 0.003830154555422194)
     Total Material
       Flux                                 0 +/- 0
   Incoming Energy [0.003830154555422194, 0.004412873205164589)
     Total Material
       Flux                                 0 +/- 0
   Incoming Energy [0.004412873205164589, 0.0050842465083535135)
     Total Material
       Flux                                 0 +/- 0
   Incoming Energy [0.0050842465083535135, 0.005857762359329054)
     Total Material
       Flux                                 0 +/- 0
   Incoming Energy [0.005857762359329054, 0.0067489606969282)
     Total Material
       Flux                                 0 +/- 0
   Incoming Energy [0.0067489606969282, 0.007775745701964372)
     Total Material
       Flux                                 0 +/- 0
   Incoming Energy [0.007775745701964372, 0.00895874549234475)
     Total Material
       Flux                                 0 +/- 0
   Incoming Energy [0.00895874549234475, 0.010321726542102795)
     Total Material
       Flux                                 0 +/- 0
   Incoming Energy [0.010321726542102795, 0.011892071150027212)
     Total Material
       Flux                                 0 +/- 0
   Incoming Energy [0.011892071150027212, 0.01370132755023545)
     Total Material
       Flux                                 0 +/- 0
   Incoming Energy [0.01370132755023545, 0.015785843716417003)
     Total Material
       Flux                                 0 +/- 0
   Incoming Energy [0.015785843716417003, 0.018187497592878136)
     Total Material
       Flux                                 0 +/- 0
   Incoming Energy [0.018187497592878136, 0.020954538422734877)
     Total Material
       Flux                                 0 +/- 0
   Incoming Energy [0.020954538422734877, 0.02414255607554347)
     Total Material
       Flux                                 0 +/- 0
   Incoming Energy [0.02414255607554347, 0.027815597848167187)
     Total Material
       Flux                                 0 +/- 0
   Incoming Energy [0.027815597848167187, 0.032047455175416684)
     Total Material
       Flux                                 0 +/- 0
   Incoming Energy [0.032047455175416684, 0.036923146100489614)
     Total Material
       Flux                                 0 +/- 0
   Incoming Energy [0.036923146100489614, 0.04254062328805099)
     Total Material
       Flux                                 0 +/- 0
   Incoming Energy [0.04254062328805099, 0.04901274189394899)
     Total Material
       Flux                                 0 +/- 0
   Incoming Energy [0.04901274189394899, 0.05646952682608243)
     Total Material
       Flux                                 0 +/- 0
   Incoming Energy [0.05646952682608243, 0.06506078494570668)
     Total Material
       Flux                                 0 +/- 0
   Incoming Energy [0.06506078494570668, 0.07495911468832028)
     Total Material
       Flux                                 0 +/- 0
   Incoming Energy [0.07495911468832028, 0.08636337356743712)
     Total Material
       Flux                                 0 +/- 0
   Incoming Energy [0.08636337356743712, 0.09950267322341866)
     Total Material
       Flux                                 0 +/- 0
   Incoming Energy [0.09950267322341866, 0.11464098227792573)
     Total Material
       Flux                                 0 +/- 0
   Incoming Energy [0.11464098227792573, 0.13208242946536725)
     Total Material
       Flux                                 0 +/- 0
   Incoming Energy [0.13208242946536725, 0.1521774135812941)
     Total Material
       Flux                                 0 +/- 0
   Incoming Energy [0.1521774135812941, 0.1753296429966439)
     Total Material
       Flux                                 0 +/- 0
   Incoming Energy [0.1753296429966439, 0.2020042461617265)
     Total Material
       Flux                                 0 +/- 0
   Incoming Energy [0.2020042461617265, 0.23273711604003258)
     Total Material
       Flux                                 0 +/- 0
   Incoming Energy [0.23273711604003258, 0.26814567620160484)
     Total Material
       Flux                                 0 +/- 0
   Incoming Energy [0.26814567620160484, 0.3089412848668633)
     Total Material
       Flux                                 0 +/- 0
   Incoming Energy [0.3089412848668633, 0.35594352609821095)
     Total Material
       Flux                                 0 +/- 0
   Incoming Energy [0.35594352609821095, 0.4100966752495598)
     Total Material
       Flux                                 0 +/- 0
   Incoming Energy [0.4100966752495598, 0.4724886694647717)
     Total Material
       Flux                                 0 +/- 0
   Incoming Energy [0.4724886694647717, 0.5443729643424606)
     Total Material
       Flux                                 0 +/- 0
   Incoming Energy [0.5443729643424606, 0.6271937158677048)
     Total Material
       Flux                                 0 +/- 0
   Incoming Energy [0.6271937158677048, 0.7226147935158516)
     Total Material
       Flux                                 0 +/- 0
   Incoming Energy [0.7226147935158516, 0.8325532074018732)
     Total Material
       Flux                                 0 +/- 0
   Incoming Energy [0.8325532074018732, 0.9592176210269371)
     Total Material
       Flux                                 0 +/- 0
   Incoming Energy [0.9592176210269371, 1.105152723343537)
     Total Material
       Flux                                 0 +/- 0
   Incoming Energy [1.105152723343537, 1.2732903515742833)
     Total Material
       Flux                                 0 +/- 0
   Incoming Energy [1.2732903515742833, 1.4670083918421386)
     Total Material
       Flux                                 0 +/- 0
   Incoming Energy [1.4670083918421386, 1.690198640926169)
     Total Material
       Flux                                 0 +/- 0
   Incoming Energy [1.690198640926169, 1.9473449924859594)
     Total Material
       Flux                                 0 +/- 0
   Incoming Energy [1.9473449924859594, 2.243613518516484)
     Total Material
       Flux                                 0 +/- 0
   Incoming Energy [2.243613518516484, 2.5849562557704893)
     Total Material
       Flux                                 0 +/- 0
   Incoming Energy [2.5849562557704893, 2.9782307822183385)
     Total Material
       Flux                                 0 +/- 0
   Incoming Energy [2.9782307822183385, 3.4313379858372293)
     Total Material
       Flux                                 0 +/- 0
   Incoming Energy [3.4313379858372293, 3.9533807935057195)
     Total Material
       Flux                                 0 +/- 0
   Incoming Energy [3.9533807935057195, 4.554847048868157)
     Total Material
       Flux                                 0 +/- 0
   Incoming Energy [4.554847048868157, 5.247820213186592)
     Total Material
       Flux                                 0 +/- 0
   Incoming Energy [5.247820213186592, 6.04622212216174)
     Total Material
       Flux                                 0 +/- 0
   Incoming Energy [6.04622212216174, 6.966092675709238)
     Total Material
       Flux                                 0 +/- 0
   Incoming Energy [6.966092675709238, 8.025912079660738)
     Total Material
       Flux                                 0 +/- 0
   Incoming Energy [8.025912079660738, 9.246972113227859)
     Total Material
       Flux                                 0 +/- 0
   Incoming Energy [9.246972113227859, 10.653803880994934)
     Total Material
       Flux                                 0 +/- 0
   Incoming Energy [10.653803880994934, 12.274670642981079)
     Total Material
       Flux                                 0 +/- 0
   Incoming Energy [12.274670642981079, 14.142135623730951)
     Total Material
       Flux                                 0 +/- 0
   Incoming Energy [14.142135623730951, 16.2937162077228)
     Total Material
       Flux                                 0 +/- 0
   Incoming Energy [16.2937162077228, 18.772637663884094)
     Total Material
       Flux                                 0 +/- 0
   Incoming Energy [18.772637663884094, 21.628701541545542)
     Total Material
       Flux                                 0 +/- 0
   Incoming Energy [21.628701541545542, 24.919286183914213)
     Total Material
       Flux                                 0 +/- 0
   Incoming Energy [24.919286183914213, 28.710499459388465)
     Total Material
       Flux                                 0 +/- 0
   Incoming Energy [28.710499459388465, 33.078506869094795)
     Total Material
       Flux                                 0 +/- 0
   Incoming Energy [33.078506869094795, 38.111061712336294)
     Total Material
       Flux                                 0 +/- 0
   Incoming Energy [38.111061712336294, 43.90926805098722)
     Total Material
       Flux                                 0 +/- 0
   Incoming Energy [43.90926805098722, 50.5896118908007)
     Total Material
       Flux                                 0 +/- 0
   Incoming Energy [50.5896118908007, 58.28630138607608)
     Total Material
       Flux                                 0 +/- 0
   Incoming Energy [58.28630138607608, 67.15396308241425)
     Total Material
       Flux                                 0 +/- 0
   Incoming Energy [67.15396308241425, 77.3707483650963)
     Total Material
       Flux                                 0 +/- 0
   Incoming Energy [77.3707483650963, 89.14191252165547)
     Total Material
       Flux                                 0 +/- 0
   Incoming Energy [89.14191252165547, 102.70393832203415)
     Total Material
       Flux                                 0 +/- 0
   Incoming Energy [102.70393832203415, 118.32928695908022)
     Total Material
       Flux                                 0 +/- 0
   Incoming Energy [118.32928695908022, 136.33187179581012)
     Total Material
       Flux                                 0 +/- 0
   Incoming Energy [136.33187179581012, 157.07336488705977)
     Total Material
       Flux                                 0 +/- 0
   Incoming Energy [157.07336488705977, 180.97046297358665)
     Total Material
       Flux                                 2.89108e-05 +/- 2.89108e-05
   Incoming Energy [180.97046297358665, 208.50325892249592)
     Total Material
       Flux                                 0.000497003 +/- 0.000497003
   Incoming Energy [208.50325892249592, 240.22488679628626)
     Total Material
       Flux                                 0.000620642 +/- 0.000620642
   Incoming Energy [240.22488679628626, 276.7726343200207)
     Total Material
       Flux                                 7.00573e-05 +/- 7.00573e-05
   Incoming Energy [276.7726343200207, 318.8807459961643)
     Total Material
       Flux                                 0.000557299 +/- 0.00039369
   Incoming Energy [318.8807459961643, 367.3951740817563)
     Total Material
       Flux                                 0.000187396 +/- 0.00013634
   Incoming Energy [367.3951740817563, 423.2905737751492)
     Total Material
       Flux                                 0.000278249 +/- 0.000201349
   Incoming Energy [423.2905737751492, 487.68988404573685)
     Total Material
       Flux                                 0.000585019 +/- 0.000442909
   Incoming Energy [487.68988404573685, 561.8868874856754)
     Total Material
       Flux                                 0.0017473 +/- 0.0010183
   Incoming Energy [561.8868874856754, 647.3722024111768)
     Total Material
       Flux                                 0.00176667 +/- 0.000876362
   Incoming Energy [647.3722024111768, 745.8632293948696)
     Total Material
       Flux                                 0.00265311 +/- 0.00111549
   Incoming Energy [745.8632293948696, 859.3386538552728)
     Total Material
       Flux                                 0.00452135 +/- 0.00137437
   Incoming Energy [859.3386538552728, 990.0781978606437)
     Total Material
       Flux                                 0.0118913 +/- 0.00260702
   Incoming Energy [990.0781978606437, 1140.7084197612173)
     Total Material
       Flux                                 0.0138304 +/- 0.00253088
   Incoming Energy [1140.7084197612173, 1314.255481764768)
     Total Material
       Flux                                 0.023191 +/- 0.00300424
   Incoming Energy [1314.255481764768, 1514.205945556454)
     Total Material
       Flux                                 0.0414538 +/- 0.00488558
   Incoming Energy [1514.205945556454, 1744.576817347371)
     Total Material
       Flux                                 0.0421173 +/- 0.00427903
   Incoming Energy [1744.576817347371, 2009.9962495573295)
     Total Material
       Flux                                 0.0522578 +/- 0.00491053
   Incoming Energy [2009.9962495573295, 2315.796520429223)
     Total Material
       Flux                                 0.0321763 +/- 0.00328277
   Incoming Energy [2315.796520429223, 2668.121159536092)
     Total Material
       Flux                                 0.0154811 +/- 0.0018696
   Incoming Energy [2668.121159536092, 3074.0483713330595)
     Total Material
       Flux                                 0.00502562 +/- 0.000920807
   Incoming Energy [3074.0483713330595, 3541.7332363341675)
     Total Material
       Flux                                 0.020071 +/- 0.00201671
   Incoming Energy [3541.7332363341675, 4080.5715467367395)
     Total Material
       Flux                                 0.0402107 +/- 0.00384503
   Incoming Energy [4080.5715467367395, 4701.3885679521045)
     Total Material
       Flux                                 0.0642591 +/- 0.00540016
   Incoming Energy [4701.3885679521045, 5416.656518263159)
     Total Material
       Flux                                 0.0953765 +/- 0.00751428
   Incoming Energy [5416.656518263159, 6240.745135776592)
     Total Material
       Flux                                 0.107258 +/- 0.00768011
   Incoming Energy [6240.745135776592, 7190.210366561592)
     Total Material
       Flux                                 0.13261 +/- 0.00671655
   Incoming Energy [7190.210366561592, 8284.12697372177)
     Total Material
       Flux                                 0.114956 +/- 0.00716092
   Incoming Energy [8284.12697372177, 9544.471749518836)
     Total Material
       Flux                                 0.173834 +/- 0.00877565
   Incoming Energy [9544.471749518836, 10996.565029282317)
     Total Material
       Flux                                 0.271876 +/- 0.0149062
   Incoming Energy [10996.565029282317, 12669.579377122778)
     Total Material
       Flux                                 0.345415 +/- 0.0157538
   Incoming Energy [12669.579377122778, 14597.125662948123)
     Total Material
       Flux                                 0.435534 +/- 0.0184668
   Incoming Energy [14597.125662948123, 16817.928305074292)
     Total Material
       Flux                                 0.575979 +/- 0.018359
   Incoming Energy [16817.928305074292, 19376.603244059108)
     Total Material
       Flux                                 0.606087 +/- 0.0208815
   Incoming Energy [19376.603244059108, 22324.554277259027)
     Total Material
       Flux                                 0.8487 +/- 0.0263202
   Incoming Energy [22324.554277259027, 25721.00576147628)
     Total Material
       Flux                                 1.15314 +/- 0.0373717
   Incoming Energy [25721.00576147628, 29634.192430699786)
     Total Material
       Flux                                 0.513861 +/- 0.0161462
   Incoming Energy [29634.192430699786, 34142.730232386544)
     Total Material
       Flux                                 0.736044 +/- 0.0212878
   Incoming Energy [34142.730232386544, 39337.19572239392)
     Total Material
       Flux                                 1.01061 +/- 0.0286969
   Incoming Energy [39337.19572239392, 45321.94574861811)
     Total Material
       Flux                                 1.13536 +/- 0.0293295
   Incoming Energy [45321.94574861811, 52217.21398079567)
     Total Material
       Flux                                 1.06672 +/- 0.0269937
   Incoming Energy [52217.21398079567, 60161.526405766446)
     Total Material
       Flux                                 1.15242 +/- 0.0278072
   Incoming Energy [60161.526405766446, 69314.48431551465)
     Total Material
       Flux                                 1.62992 +/- 0.0388958
   Incoming Energy [69314.48431551465, 79859.9706982371)
     Total Material
       Flux                                 1.7299 +/- 0.0366132
   Incoming Energy [79859.9706982371, 92009.84444885768)
     Total Material
       Flux                                 1.55955 +/- 0.0312921
   Incoming Energy [92009.84444885768, 106008.19661570284)
     Total Material
       Flux                                 1.65778 +/- 0.0370136
   Incoming Energy [106008.19661570284, 122136.25419136364)
     Total Material
       Flux                                 2.07692 +/- 0.0462698
   Incoming Energy [122136.25419136364, 140718.0299649369)
     Total Material
       Flux                                 2.38598 +/- 0.0494126
   Incoming Energy [140718.0299649369, 162126.8319412162)
     Total Material
       Flux                                 2.01531 +/- 0.0349742
   Incoming Energy [162126.8319412162, 186792.76310111006)
     Total Material
       Flux                                 2.44063 +/- 0.0435908
   Incoming Energy [186792.76310111006, 215211.36217352576)
     Total Material
       Flux                                 1.8618 +/- 0.0383244
   Incoming Energy [215211.36217352576, 247953.55901188674)
     Total Material
       Flux                                 2.02209 +/- 0.0330712
   Incoming Energy [247953.55901188674, 285677.14457886684)
     Total Material
       Flux                                 2.5412 +/- 0.0454467
   Incoming Energy [285677.14457886684, 329139.9859714149)
     Total Material
       Flux                                 2.62411 +/- 0.0440499
   Incoming Energy [329139.9859714149, 379215.2519760141)
     Total Material
       Flux                                 2.49526 +/- 0.0421479
   Incoming Energy [379215.2519760141, 436908.9550356879)
     Total Material
       Flux                                 1.83617 +/- 0.0327002
   Incoming Energy [436908.9550356879, 503380.16204699164)
     Total Material
       Flux                                 2.1526 +/- 0.0443207
   Incoming Energy [503380.16204699164, 579964.2800220423)
     Total Material
       Flux                                 1.89445 +/- 0.0395195
   Incoming Energy [579964.2800220423, 668199.8844246987)
     Total Material
       Flux                                 1.60547 +/- 0.0394768
   Incoming Energy [668199.8844246987, 769859.6291623531)
     Total Material
       Flux                                 1.18476 +/- 0.0346101
   Incoming Energy [769859.6291623531, 886985.8592152856)
     Total Material
       Flux                                 1.05448 +/- 0.0274687
   Incoming Energy [886985.8592152856, 1021931.6413615509)
     Total Material
       Flux                                 0.955649 +/- 0.0296986
   Incoming Energy [1021931.6413615509, 1177408.0373049495)
     Total Material
       Flux                                 0.787193 +/- 0.0252138
   Incoming Energy [1177408.0373049495, 1356538.5689235502)
     Total Material
       Flux                                 0.734647 +/- 0.0233108
   Incoming Energy [1356538.5689235502, 1562921.969845991)
     Total Material
       Flux                                 0.625962 +/- 0.022279
   Incoming Energy [1562921.969845991, 1800704.484035158)
     Total Material
       Flux                                 0.549662 +/- 0.0222833
   Incoming Energy [1800704.484035158, 2074663.1638582961)
     Total Material
       Flux                                 0.498228 +/- 0.0220767
   Incoming Energy [2074663.1638582961, 2390301.841102361)
     Total Material
       Flux                                 0.462911 +/- 0.0176724
   Incoming Energy [2390301.841102361, 2753961.698992977)
     Total Material
       Flux                                 0.391281 +/- 0.0171696
   Incoming Energy [2753961.698992977, 3172948.666609631)
     Total Material
       Flux                                 0.329179 +/- 0.0142658
   Incoming Energy [3172948.666609631, 3655680.195051801)
     Total Material
       Flux                                 0.241403 +/- 0.0132152
   Incoming Energy [3655680.195051801, 4211854.364090206)
     Total Material
       Flux                                 0.208796 +/- 0.015056
   Incoming Energy [4211854.364090206, 4852644.716656989)
     Total Material
       Flux                                 0.173132 +/- 0.00970515
   Incoming Energy [4852644.716656989, 5590924.735401097)
     Total Material
       Flux                                 0.111383 +/- 0.00852342
   Incoming Energy [5590924.735401097, 6441526.471044417)
     Total Material
       Flux                                 0.0755016 +/- 0.00943274
   Incoming Energy [6441526.471044417, 7421538.518384146)
     Total Material
       Flux                                 0.0509958 +/- 0.00777386
   Incoming Energy [7421538.518384146, 8550649.326281369)
     Total Material
       Flux                                 0.0186185 +/- 0.00447757
   Incoming Energy [8550649.326281369, 9851542.738735888)
     Total Material
       Flux                                 0.0121246 +/- 0.00296533
   Incoming Energy [9851542.738735888, 11350353.713470269)
     Total Material
       Flux                                 0.00402688 +/- 0.00154305
   Incoming Energy [11350353.713470269, 13077193.373412637)
     Total Material
       Flux                                 0.00216384 +/- 0.00157894
   Incoming Energy [13077193.373412637, 15066753.93936615)
     Total Material
       Flux                                 0 +/- 0
   Incoming Energy [15066753.93936615, 17359005.69696672)
     Total Material
       Flux                                 0 +/- 0
   Incoming Energy [17359005.69696672, 20000000.000000004)
     Total Material
       Flux                                 0 +/- 0
 =====================>     TALLY 2: FISSION RATE     <=====================

 Cell 10
   Total Material
     Fission Rate                         0.538436 +/- 0.00498576
 ============================>     TALLY 3     <============================

 Internal

